// Jest Snapshot v1, https://goo.gl/fbAQLP

exports[`filter item should render with given props 1`] = `
<div
  className="item"
>
  <label>
    <span
      dangerouslySetInnerHTML={
        Object {
          "__html": "book",
        }
      }
    />
    <input
      checked={true}
      id={1}
      name="checkbox"
      onChange={[Function]}
      type="checkbox"
    />
    <span
      className="checkmark"
    />
  </label>
</div>
`;
